[*] Start mutation process:
   - targets: src.fleury
   - tests: tests.test_fleury
[*] 23 tests passed:
   - tests.test_fleury [0.38250 s]
[*] Start mutants generation and execution:
   - [#   1] BCR src.fleury: 
--------------------------------------------------------------------------------
  57:     while working_graph.number_of_edges() > 0:
  58:         neighbors = list(working_graph.neighbors(current))
  59:         
  60:         if not neighbors:
- 61:             break
+ 61:             continue
  62:         
  63:         if len(neighbors) == 1:
  64:             next_vertex = neighbors[0]
  65:         else:
--------------------------------------------------------------------------------
[0.33841 s] survived
   - [#   2] BCR src.fleury: 
--------------------------------------------------------------------------------
  67:             next_vertex = None
  68:             for neighbor in neighbors:
  69:                 if not (_is_bridge(working_graph, current, neighbor)):
  70:                     next_vertex = neighbor
- 71:                     break
+ 71:                     continue
  72:             
  73:             
  74:             if next_vertex is None:
  75:                 next_vertex = neighbors[0]
--------------------------------------------------------------------------------
[0.57238 s] killed by tests/test_fleury.py::TestFleuryPath::test_triangle_with_tail
   - [#   3] COD src.fleury: 
--------------------------------------------------------------------------------
  15:     
  16:     
  17:     vertices_with_edges = [node for node in graph.nodes() if graph.degree(node) > 0]
  18:     
- 19:     if not vertices_with_edges:
+ 19:     if vertices_with_edges:
  20:         is_bridge = False
  21:     elif (u not in vertices_with_edges or v not in vertices_with_edges):
  22:         
  23:         
--------------------------------------------------------------------------------
[0.35826 s] killed by tests/test_fleury.py::TestFleuryBridgeLogic::test_is_bridge_on_longer_chain
   - [#   4] COD src.fleury: 
--------------------------------------------------------------------------------
  17:     vertices_with_edges = [node for node in graph.nodes() if graph.degree(node) > 0]
  18:     
  19:     if not vertices_with_edges:
  20:         is_bridge = False
- 21:     elif (u not in vertices_with_edges or v not in vertices_with_edges):
+ 21:     elif (u in vertices_with_edges or v not in vertices_with_edges):
  22:         
  23:         
  24:         is_bridge = False
  25:     else:
--------------------------------------------------------------------------------
[0.39447 s] killed by tests/test_fleury.py::TestFleuryBridgeLogic::test_is_bridge_on_longer_chain
   - [#   5] COD src.fleury: 
--------------------------------------------------------------------------------
  17:     vertices_with_edges = [node for node in graph.nodes() if graph.degree(node) > 0]
  18:     
  19:     if not vertices_with_edges:
  20:         is_bridge = False
- 21:     elif (u not in vertices_with_edges or v not in vertices_with_edges):
+ 21:     elif (u not in vertices_with_edges or v in vertices_with_edges):
  22:         
  23:         
  24:         is_bridge = False
  25:     else:
--------------------------------------------------------------------------------
[0.33004 s] killed by tests/test_fleury.py::TestFleuryBridgeLogic::test_is_bridge_on_longer_chain
   - [#   6] COD src.fleury: 
--------------------------------------------------------------------------------
  23:         
  24:         is_bridge = False
  25:     else:
  26:         subgraph = graph.subgraph(vertices_with_edges)
- 27:         is_bridge = not (nx.is_connected(subgraph))
+ 27:         is_bridge = nx.is_connected(subgraph)
  28:     
  29:     graph.add_edge(u, v)
  30:     return is_bridge
  31: 
--------------------------------------------------------------------------------
[0.31080 s] killed by tests/test_fleury.py::TestFleuryPath::test_triangle_with_tail
   - [#   7] COD src.fleury: 
--------------------------------------------------------------------------------
  44: 
  45:     Raises:
  46:         ValueError: If the graph does not have an Euler path.
  47:     """
- 48:     if not (has_euler_path(graph)):
+ 48:     if has_euler_path(graph):
  49:         raise ValueError('Graph does not have an Euler path')
  50:     
  51:     working_graph = graph.copy()
  52:     start = get_euler_start_vertex(working_graph)
--------------------------------------------------------------------------------
[0.27976 s] killed by tests/test_fleury.py::TestFleuryCircuit::test_triangle_circuit
   - [#   8] COD src.fleury: 
--------------------------------------------------------------------------------
  56:     
  57:     while working_graph.number_of_edges() > 0:
  58:         neighbors = list(working_graph.neighbors(current))
  59:         
- 60:         if not neighbors:
+ 60:         if neighbors:
  61:             break
  62:         
  63:         if len(neighbors) == 1:
  64:             next_vertex = neighbors[0]
--------------------------------------------------------------------------------
[0.29470 s] killed by tests/test_fleury.py::TestFleuryCircuit::test_triangle_circuit
   - [#   9] COD src.fleury: 
--------------------------------------------------------------------------------
  65:         else:
  66:             
  67:             next_vertex = None
  68:             for neighbor in neighbors:
- 69:                 if not (_is_bridge(working_graph, current, neighbor)):
+ 69:                 if _is_bridge(working_graph, current, neighbor):
  70:                     next_vertex = neighbor
  71:                     break
  72:             
  73:             
--------------------------------------------------------------------------------
[0.37696 s] killed by tests/test_fleury.py::TestFleuryBridgeLogic::test_lollipop_graph
   - [#  10] COI src.fleury: 
--------------------------------------------------------------------------------
  15:     
  16:     
  17:     vertices_with_edges = [node for node in graph.nodes() if graph.degree(node) > 0]
  18:     
- 19:     if not vertices_with_edges:
+ 19:     if not ((not vertices_with_edges)):
  20:         is_bridge = False
  21:     elif (u not in vertices_with_edges or v not in vertices_with_edges):
  22:         
  23:         
--------------------------------------------------------------------------------
[0.36952 s] killed by tests/test_fleury.py::TestFleuryBridgeLogic::test_is_bridge_on_longer_chain
   - [#  11] COI src.fleury: 
--------------------------------------------------------------------------------
  17:     vertices_with_edges = [node for node in graph.nodes() if graph.degree(node) > 0]
  18:     
  19:     if not vertices_with_edges:
  20:         is_bridge = False
- 21:     elif (u not in vertices_with_edges or v not in vertices_with_edges):
+ 21:     elif not ((u not in vertices_with_edges or v not in vertices_with_edges)):
  22:         
  23:         
  24:         is_bridge = False
  25:     else:
--------------------------------------------------------------------------------
[0.36015 s] killed by tests/test_fleury.py::TestFleuryBridgeLogic::test_is_bridge_on_longer_chain
   - [#  12] COI src.fleury: 
--------------------------------------------------------------------------------
  44: 
  45:     Raises:
  46:         ValueError: If the graph does not have an Euler path.
  47:     """
- 48:     if not (has_euler_path(graph)):
+ 48:     if not ((not (has_euler_path(graph)))):
  49:         raise ValueError('Graph does not have an Euler path')
  50:     
  51:     working_graph = graph.copy()
  52:     start = get_euler_start_vertex(working_graph)
--------------------------------------------------------------------------------
[0.36057 s] killed by tests/test_fleury.py::TestFleuryCircuit::test_triangle_circuit
   - [#  13] COI src.fleury: 
--------------------------------------------------------------------------------
  53:     
  54:     path = [start]
  55:     current = start
  56:     
- 57:     while working_graph.number_of_edges() > 0:
+ 57:     while not (working_graph.number_of_edges() > 0):
  58:         neighbors = list(working_graph.neighbors(current))
  59:         
  60:         if not neighbors:
  61:             break
--------------------------------------------------------------------------------
[0.26494 s] killed by tests/test_fleury.py::TestFleuryCircuit::test_triangle_circuit
   - [#  14] COI src.fleury: 
--------------------------------------------------------------------------------
  56:     
  57:     while working_graph.number_of_edges() > 0:
  58:         neighbors = list(working_graph.neighbors(current))
  59:         
- 60:         if not neighbors:
+ 60:         if not ((not neighbors)):
  61:             break
  62:         
  63:         if len(neighbors) == 1:
  64:             next_vertex = neighbors[0]
--------------------------------------------------------------------------------
[0.25542 s] killed by tests/test_fleury.py::TestFleuryCircuit::test_triangle_circuit
   - [#  15] COI src.fleury: 
--------------------------------------------------------------------------------
  59:         
  60:         if not neighbors:
  61:             break
  62:         
- 63:         if len(neighbors) == 1:
+ 63:         if not (len(neighbors) == 1):
  64:             next_vertex = neighbors[0]
  65:         else:
  66:             
  67:             next_vertex = None
--------------------------------------------------------------------------------
[0.39060 s] survived
   - [#  16] COI src.fleury: 
--------------------------------------------------------------------------------
  65:         else:
  66:             
  67:             next_vertex = None
  68:             for neighbor in neighbors:
- 69:                 if not (_is_bridge(working_graph, current, neighbor)):
+ 69:                 if not ((not (_is_bridge(working_graph, current, neighbor)))):
  70:                     next_vertex = neighbor
  71:                     break
  72:             
  73:             
--------------------------------------------------------------------------------
[0.34130 s] killed by tests/test_fleury.py::TestFleuryBridgeLogic::test_lollipop_graph
   - [#  17] COI src.fleury: 
--------------------------------------------------------------------------------
  70:                     next_vertex = neighbor
  71:                     break
  72:             
  73:             
- 74:             if next_vertex is None:
+ 74:             if not (next_vertex is None):
  75:                 next_vertex = neighbors[0]
  76:         
  77:         working_graph.remove_edge(current, next_vertex)
  78:         
--------------------------------------------------------------------------------
[0.37896 s] survived
   - [#  18] COI src.fleury: 
--------------------------------------------------------------------------------
  76:         
  77:         working_graph.remove_edge(current, next_vertex)
  78:         
  79:         
- 80:         if (working_graph.degree(current) == 0 and current != next_vertex):
+ 80:         if not ((working_graph.degree(current) == 0 and current != next_vertex)):
  81:             working_graph.remove_node(current)
  82:         if (next_vertex in working_graph.nodes() and working_graph.degree(next_vertex) == 0):
  83:             pass
  84:         
--------------------------------------------------------------------------------
[0.28576 s] killed by tests/test_fleury.py::TestFleuryCircuit::test_triangle_circuit
   - [#  19] COI src.fleury: 
--------------------------------------------------------------------------------
  78:         
  79:         
  80:         if (working_graph.degree(current) == 0 and current != next_vertex):
  81:             working_graph.remove_node(current)
- 82:         if (next_vertex in working_graph.nodes() and working_graph.degree(next_vertex) == 0):
+ 82:         if not ((next_vertex in working_graph.nodes() and working_graph.degree(next_vertex) == 0)):
  83:             pass
  84:         
  85:         current = next_vertex
  86:         path.append(current)
--------------------------------------------------------------------------------
[0.39061 s] survived
   - [#  20] COI src.fleury: 
--------------------------------------------------------------------------------
  78:         
  79:         
  80:         if (working_graph.degree(current) == 0 and current != next_vertex):
  81:             working_graph.remove_node(current)
- 82:         if (next_vertex in working_graph.nodes() and working_graph.degree(next_vertex) == 0):
+ 82:         if (next_vertex not in working_graph.nodes() and working_graph.degree(next_vertex) == 0):
  83:             pass
  84:         
  85:         current = next_vertex
  86:         path.append(current)
--------------------------------------------------------------------------------
[0.37923 s] survived
   - [#  21] LCR src.fleury: 
--------------------------------------------------------------------------------
  17:     vertices_with_edges = [node for node in graph.nodes() if graph.degree(node) > 0]
  18:     
  19:     if not vertices_with_edges:
  20:         is_bridge = False
- 21:     elif (u not in vertices_with_edges or v not in vertices_with_edges):
+ 21:     elif (u not in vertices_with_edges and v not in vertices_with_edges):
  22:         
  23:         
  24:         is_bridge = False
  25:     else:
--------------------------------------------------------------------------------
[0.39357 s] survived
   - [#  22] LCR src.fleury: 
--------------------------------------------------------------------------------
  76:         
  77:         working_graph.remove_edge(current, next_vertex)
  78:         
  79:         
- 80:         if (working_graph.degree(current) == 0 and current != next_vertex):
+ 80:         if (working_graph.degree(current) == 0 or current != next_vertex):
  81:             working_graph.remove_node(current)
  82:         if (next_vertex in working_graph.nodes() and working_graph.degree(next_vertex) == 0):
  83:             pass
  84:         
--------------------------------------------------------------------------------
[0.32131 s] killed by tests/test_fleury.py::TestFleuryCircuit::test_triangle_circuit
   - [#  23] LCR src.fleury: 
--------------------------------------------------------------------------------
  78:         
  79:         
  80:         if (working_graph.degree(current) == 0 and current != next_vertex):
  81:             working_graph.remove_node(current)
- 82:         if (next_vertex in working_graph.nodes() and working_graph.degree(next_vertex) == 0):
+ 82:         if (next_vertex in working_graph.nodes() or working_graph.degree(next_vertex) == 0):
  83:             pass
  84:         
  85:         current = next_vertex
  86:         path.append(current)
--------------------------------------------------------------------------------
[0.37396 s] survived
   - [#  24] ROR src.fleury: 
--------------------------------------------------------------------------------
  13:     '''
  14:     graph.remove_edge(u, v)
  15:     
  16:     
- 17:     vertices_with_edges = [node for node in graph.nodes() if graph.degree(node) > 0]
+ 17:     vertices_with_edges = [node for node in graph.nodes() if graph.degree(node) < 0]
  18:     
  19:     if not vertices_with_edges:
  20:         is_bridge = False
  21:     elif (u not in vertices_with_edges or v not in vertices_with_edges):
--------------------------------------------------------------------------------
[0.37852 s] killed by tests/test_fleury.py::TestFleuryBridgeLogic::test_is_bridge_on_longer_chain
   - [#  25] ROR src.fleury: 
--------------------------------------------------------------------------------
  13:     '''
  14:     graph.remove_edge(u, v)
  15:     
  16:     
- 17:     vertices_with_edges = [node for node in graph.nodes() if graph.degree(node) > 0]
+ 17:     vertices_with_edges = [node for node in graph.nodes() if graph.degree(node) >= 0]
  18:     
  19:     if not vertices_with_edges:
  20:         is_bridge = False
  21:     elif (u not in vertices_with_edges or v not in vertices_with_edges):
--------------------------------------------------------------------------------
[0.35177 s] survived
   - [#  26] ROR src.fleury: 
--------------------------------------------------------------------------------
  53:     
  54:     path = [start]
  55:     current = start
  56:     
- 57:     while working_graph.number_of_edges() > 0:
+ 57:     while working_graph.number_of_edges() < 0:
  58:         neighbors = list(working_graph.neighbors(current))
  59:         
  60:         if not neighbors:
  61:             break
--------------------------------------------------------------------------------
[0.26003 s] killed by tests/test_fleury.py::TestFleuryCircuit::test_triangle_circuit
   - [#  27] ROR src.fleury: 
--------------------------------------------------------------------------------
  53:     
  54:     path = [start]
  55:     current = start
  56:     
- 57:     while working_graph.number_of_edges() > 0:
+ 57:     while working_graph.number_of_edges() >= 0:
  58:         neighbors = list(working_graph.neighbors(current))
  59:         
  60:         if not neighbors:
  61:             break
--------------------------------------------------------------------------------
[0.37105 s] survived
   - [#  28] ROR src.fleury: 
--------------------------------------------------------------------------------
  59:         
  60:         if not neighbors:
  61:             break
  62:         
- 63:         if len(neighbors) == 1:
+ 63:         if len(neighbors) != 1:
  64:             next_vertex = neighbors[0]
  65:         else:
  66:             
  67:             next_vertex = None
--------------------------------------------------------------------------------
[0.36369 s] survived
   - [#  29] ROR src.fleury: 
--------------------------------------------------------------------------------
  76:         
  77:         working_graph.remove_edge(current, next_vertex)
  78:         
  79:         
- 80:         if (working_graph.degree(current) == 0 and current != next_vertex):
+ 80:         if (working_graph.degree(current) != 0 and current != next_vertex):
  81:             working_graph.remove_node(current)
  82:         if (next_vertex in working_graph.nodes() and working_graph.degree(next_vertex) == 0):
  83:             pass
  84:         
--------------------------------------------------------------------------------
[0.29481 s] killed by tests/test_fleury.py::TestFleuryCircuit::test_triangle_circuit
   - [#  30] ROR src.fleury: 
--------------------------------------------------------------------------------
  76:         
  77:         working_graph.remove_edge(current, next_vertex)
  78:         
  79:         
- 80:         if (working_graph.degree(current) == 0 and current != next_vertex):
+ 80:         if (working_graph.degree(current) == 0 and current == next_vertex):
  81:             working_graph.remove_node(current)
  82:         if (next_vertex in working_graph.nodes() and working_graph.degree(next_vertex) == 0):
  83:             pass
  84:         
--------------------------------------------------------------------------------
[0.36777 s] survived
   - [#  31] ROR src.fleury: 
--------------------------------------------------------------------------------
  78:         
  79:         
  80:         if (working_graph.degree(current) == 0 and current != next_vertex):
  81:             working_graph.remove_node(current)
- 82:         if (next_vertex in working_graph.nodes() and working_graph.degree(next_vertex) == 0):
+ 82:         if (next_vertex in working_graph.nodes() and working_graph.degree(next_vertex) != 0):
  83:             pass
  84:         
  85:         current = next_vertex
  86:         path.append(current)
--------------------------------------------------------------------------------
[0.46839 s] survived
[*] Mutation score [13.71497 s]: 61.3%
   - all: 31
   - killed: 19 (61.3%)
   - survived: 12 (38.7%)
   - incompetent: 0 (0.0%)
   - timeout: 0 (0.0%)
