[*] Start mutation process:
   - targets: src.io_handler
   - tests: tests.test_io_handler
[*] 18 tests passed:
   - tests.test_io_handler [0.56937 s]
[*] Start mutants generation and execution:
   - [#   1] AOR src.io_handler: 
--------------------------------------------------------------------------------
   95:     
   96:     result = {\
   97:         'algorithm': algorithm, \
   98:         'euler_path': euler_path, \
-  99:         'path_length': len(euler_path) - 1}
+  99:         'path_length': len(euler_path) + 1}
  100:     
  101:     
  102:     path = Path(filepath)
  103:     path.parent.mkdir(parents=True, exist_ok=True)
--------------------------------------------------------------------------------
[0.70330 s] killed by tests/test_io_handler.py::TestSaveResultToJson::test_save_valid_result
   - [#   2] COD src.io_handler: 
--------------------------------------------------------------------------------
   22:         FileNotFoundError: If the file does not exist.
   23:         ValueError: If the JSON structure is invalid.
   24:     '''
   25:     path = Path(filepath)
-  26:     if not (path.exists()):
+  26:     if path.exists():
   27:         raise FileNotFoundError(f'File not found: {filepath}')
   28:     
   29:     raw = path.read_text(encoding='utf-8')
   30:     
--------------------------------------------------------------------------------
[0.30602 s] killed by tests/test_io_handler.py::TestLoadGraphFromJson::test_load_valid_triangle
   - [#   3] COD src.io_handler: 
--------------------------------------------------------------------------------
   32:         data = json.loads(raw)
   33:     except json.JSONDecodeError as exc:
   34:         raise ValueError(f'Invalid JSON syntax: {exc}') from exc
   35:     
-  36:     if not (isinstance(data, dict)):
+  36:     if isinstance(data, dict):
   37:         raise ValueError("JSON root must be an object with 'vertices' and 'edges' keys")
   38:     
   39:     if 'vertices' not in data:
   40:         raise ValueError("Missing required key: 'vertices'")
--------------------------------------------------------------------------------
[0.34190 s] killed by tests/test_io_handler.py::TestLoadGraphFromJson::test_load_valid_triangle
   - [#   4] COD src.io_handler: 
--------------------------------------------------------------------------------
   35:     
   36:     if not (isinstance(data, dict)):
   37:         raise ValueError("JSON root must be an object with 'vertices' and 'edges' keys")
   38:     
-  39:     if 'vertices' not in data:
+  39:     if 'vertices' in data:
   40:         raise ValueError("Missing required key: 'vertices'")
   41:     if 'edges' not in data:
   42:         raise ValueError("Missing required key: 'edges'")
   43:     
--------------------------------------------------------------------------------
[0.32666 s] killed by tests/test_io_handler.py::TestLoadGraphFromJson::test_load_valid_triangle
   - [#   5] COD src.io_handler: 
--------------------------------------------------------------------------------
   37:         raise ValueError("JSON root must be an object with 'vertices' and 'edges' keys")
   38:     
   39:     if 'vertices' not in data:
   40:         raise ValueError("Missing required key: 'vertices'")
-  41:     if 'edges' not in data:
+  41:     if 'edges' in data:
   42:         raise ValueError("Missing required key: 'edges'")
   43:     
   44:     vertices = data['vertices']
   45:     edges = data['edges']
--------------------------------------------------------------------------------
[0.34104 s] killed by tests/test_io_handler.py::TestLoadGraphFromJson::test_load_valid_triangle
   - [#   6] COD src.io_handler: 
--------------------------------------------------------------------------------
   43:     
   44:     vertices = data['vertices']
   45:     edges = data['edges']
   46:     
-  47:     if not (isinstance(vertices, list)):
+  47:     if isinstance(vertices, list):
   48:         raise ValueError("'vertices' must be a list")
   49:     if not (isinstance(edges, list)):
   50:         raise ValueError("'edges' must be a list")
   51:     
--------------------------------------------------------------------------------
[0.35790 s] killed by tests/test_io_handler.py::TestLoadGraphFromJson::test_load_valid_triangle
   - [#   7] COD src.io_handler: 
--------------------------------------------------------------------------------
   45:     edges = data['edges']
   46:     
   47:     if not (isinstance(vertices, list)):
   48:         raise ValueError("'vertices' must be a list")
-  49:     if not (isinstance(edges, list)):
+  49:     if isinstance(edges, list):
   50:         raise ValueError("'edges' must be a list")
   51:     
   52:     for v in vertices:
   53:         if not (isinstance(v, int)):
--------------------------------------------------------------------------------
[0.38466 s] killed by tests/test_io_handler.py::TestLoadGraphFromJson::test_load_valid_triangle
   - [#   8] COD src.io_handler: 
--------------------------------------------------------------------------------
   49:     if not (isinstance(edges, list)):
   50:         raise ValueError("'edges' must be a list")
   51:     
   52:     for v in vertices:
-  53:         if not (isinstance(v, int)):
+  53:         if isinstance(v, int):
   54:             raise ValueError(f'Each vertex must be an integer, got: {v!r}')
   55:     
   56:     graph = nx.Graph()
   57:     graph.add_nodes_from(vertices)
--------------------------------------------------------------------------------
[0.25425 s] killed by tests/test_io_handler.py::TestLoadGraphFromJson::test_load_valid_triangle
   - [#   9] COD src.io_handler: 
--------------------------------------------------------------------------------
   56:     graph = nx.Graph()
   57:     graph.add_nodes_from(vertices)
   58:     
   59:     for (i, edge) in enumerate(edges):
-  60:         if (not (isinstance(edge, list)) or len(edge) != 2):
+  60:         if (isinstance(edge, list) or len(edge) != 2):
   61:             raise ValueError(f'Edge {i} must be a list of 2 elements, got: {edge!r}')
   62:         
   63:         (u, v) = edge
   64:         if (not (isinstance(u, int)) or not (isinstance(v, int))):
--------------------------------------------------------------------------------
[0.30566 s] killed by tests/test_io_handler.py::TestLoadGraphFromJson::test_load_valid_triangle
   - [#  10] COD src.io_handler: 
--------------------------------------------------------------------------------
   60:         if (not (isinstance(edge, list)) or len(edge) != 2):
   61:             raise ValueError(f'Edge {i} must be a list of 2 elements, got: {edge!r}')
   62:         
   63:         (u, v) = edge
-  64:         if (not (isinstance(u, int)) or not (isinstance(v, int))):
+  64:         if (isinstance(u, int) or not (isinstance(v, int))):
   65:             raise ValueError(f'Edge {i} vertices must be integers, got: {edge!r}')
   66:         
   67:         if (u not in vertices or v not in vertices):
   68:             raise ValueError(
--------------------------------------------------------------------------------
[0.30963 s] killed by tests/test_io_handler.py::TestLoadGraphFromJson::test_load_valid_triangle
   - [#  11] COD src.io_handler: 
--------------------------------------------------------------------------------
   60:         if (not (isinstance(edge, list)) or len(edge) != 2):
   61:             raise ValueError(f'Edge {i} must be a list of 2 elements, got: {edge!r}')
   62:         
   63:         (u, v) = edge
-  64:         if (not (isinstance(u, int)) or not (isinstance(v, int))):
+  64:         if (not (isinstance(u, int)) or isinstance(v, int)):
   65:             raise ValueError(f'Edge {i} vertices must be integers, got: {edge!r}')
   66:         
   67:         if (u not in vertices or v not in vertices):
   68:             raise ValueError(
--------------------------------------------------------------------------------
[0.32736 s] killed by tests/test_io_handler.py::TestLoadGraphFromJson::test_load_valid_triangle
   - [#  12] COD src.io_handler: 
--------------------------------------------------------------------------------
   63:         (u, v) = edge
   64:         if (not (isinstance(u, int)) or not (isinstance(v, int))):
   65:             raise ValueError(f'Edge {i} vertices must be integers, got: {edge!r}')
   66:         
-  67:         if (u not in vertices or v not in vertices):
+  67:         if (u in vertices or v not in vertices):
   68:             raise ValueError(
   69:                 f'Edge {i} references vertex not in vertices list: {edge!r}')
   70:         
   71:         
--------------------------------------------------------------------------------
[0.33039 s] killed by tests/test_io_handler.py::TestLoadGraphFromJson::test_load_valid_triangle
   - [#  13] COD src.io_handler: 
--------------------------------------------------------------------------------
   63:         (u, v) = edge
   64:         if (not (isinstance(u, int)) or not (isinstance(v, int))):
   65:             raise ValueError(f'Edge {i} vertices must be integers, got: {edge!r}')
   66:         
-  67:         if (u not in vertices or v not in vertices):
+  67:         if (u not in vertices or v in vertices):
   68:             raise ValueError(
   69:                 f'Edge {i} references vertex not in vertices list: {edge!r}')
   70:         
   71:         
--------------------------------------------------------------------------------
[0.37562 s] killed by tests/test_io_handler.py::TestLoadGraphFromJson::test_load_valid_triangle
   - [#  14] COD src.io_handler: 
--------------------------------------------------------------------------------
   87: 
   88:     Raises:
   89:         ValueError: If euler_path is empty or algorithm is empty.
   90:     '''
-  91:     if not euler_path:
+  91:     if euler_path:
   92:         raise ValueError('euler_path must not be empty')
   93:     if not algorithm:
   94:         raise ValueError('algorithm name must not be empty')
   95:     
--------------------------------------------------------------------------------
[0.41491 s] killed by tests/test_io_handler.py::TestSaveResultToJson::test_save_valid_result
   - [#  15] COD src.io_handler: 
--------------------------------------------------------------------------------
   89:         ValueError: If euler_path is empty or algorithm is empty.
   90:     '''
   91:     if not euler_path:
   92:         raise ValueError('euler_path must not be empty')
-  93:     if not algorithm:
+  93:     if algorithm:
   94:         raise ValueError('algorithm name must not be empty')
   95:     
   96:     result = {\
   97:         'algorithm': algorithm, \
--------------------------------------------------------------------------------
[0.50876 s] killed by tests/test_io_handler.py::TestSaveResultToJson::test_save_valid_result
   - [#  16] COI src.io_handler: 
--------------------------------------------------------------------------------
   22:         FileNotFoundError: If the file does not exist.
   23:         ValueError: If the JSON structure is invalid.
   24:     '''
   25:     path = Path(filepath)
-  26:     if not (path.exists()):
+  26:     if not ((not (path.exists()))):
   27:         raise FileNotFoundError(f'File not found: {filepath}')
   28:     
   29:     raw = path.read_text(encoding='utf-8')
   30:     
--------------------------------------------------------------------------------
[0.31644 s] killed by tests/test_io_handler.py::TestLoadGraphFromJson::test_load_valid_triangle
   - [#  17] COI src.io_handler: 
--------------------------------------------------------------------------------
   32:         data = json.loads(raw)
   33:     except json.JSONDecodeError as exc:
   34:         raise ValueError(f'Invalid JSON syntax: {exc}') from exc
   35:     
-  36:     if not (isinstance(data, dict)):
+  36:     if not ((not (isinstance(data, dict)))):
   37:         raise ValueError("JSON root must be an object with 'vertices' and 'edges' keys")
   38:     
   39:     if 'vertices' not in data:
   40:         raise ValueError("Missing required key: 'vertices'")
--------------------------------------------------------------------------------
[0.33647 s] killed by tests/test_io_handler.py::TestLoadGraphFromJson::test_load_valid_triangle
   - [#  18] COI src.io_handler: 
--------------------------------------------------------------------------------
   35:     
   36:     if not (isinstance(data, dict)):
   37:         raise ValueError("JSON root must be an object with 'vertices' and 'edges' keys")
   38:     
-  39:     if 'vertices' not in data:
+  39:     if not ('vertices' not in data):
   40:         raise ValueError("Missing required key: 'vertices'")
   41:     if 'edges' not in data:
   42:         raise ValueError("Missing required key: 'edges'")
   43:     
--------------------------------------------------------------------------------
[0.33297 s] killed by tests/test_io_handler.py::TestLoadGraphFromJson::test_load_valid_triangle
   - [#  19] COI src.io_handler: 
--------------------------------------------------------------------------------
   37:         raise ValueError("JSON root must be an object with 'vertices' and 'edges' keys")
   38:     
   39:     if 'vertices' not in data:
   40:         raise ValueError("Missing required key: 'vertices'")
-  41:     if 'edges' not in data:
+  41:     if not ('edges' not in data):
   42:         raise ValueError("Missing required key: 'edges'")
   43:     
   44:     vertices = data['vertices']
   45:     edges = data['edges']
--------------------------------------------------------------------------------
[0.28651 s] killed by tests/test_io_handler.py::TestLoadGraphFromJson::test_load_valid_triangle
   - [#  20] COI src.io_handler: 
--------------------------------------------------------------------------------
   43:     
   44:     vertices = data['vertices']
   45:     edges = data['edges']
   46:     
-  47:     if not (isinstance(vertices, list)):
+  47:     if not ((not (isinstance(vertices, list)))):
   48:         raise ValueError("'vertices' must be a list")
   49:     if not (isinstance(edges, list)):
   50:         raise ValueError("'edges' must be a list")
   51:     
--------------------------------------------------------------------------------
[0.26414 s] killed by tests/test_io_handler.py::TestLoadGraphFromJson::test_load_valid_triangle
   - [#  21] COI src.io_handler: 
--------------------------------------------------------------------------------
   45:     edges = data['edges']
   46:     
   47:     if not (isinstance(vertices, list)):
   48:         raise ValueError("'vertices' must be a list")
-  49:     if not (isinstance(edges, list)):
+  49:     if not ((not (isinstance(edges, list)))):
   50:         raise ValueError("'edges' must be a list")
   51:     
   52:     for v in vertices:
   53:         if not (isinstance(v, int)):
--------------------------------------------------------------------------------
[0.32400 s] killed by tests/test_io_handler.py::TestLoadGraphFromJson::test_load_valid_triangle
   - [#  22] COI src.io_handler: 
--------------------------------------------------------------------------------
   49:     if not (isinstance(edges, list)):
   50:         raise ValueError("'edges' must be a list")
   51:     
   52:     for v in vertices:
-  53:         if not (isinstance(v, int)):
+  53:         if not ((not (isinstance(v, int)))):
   54:             raise ValueError(f'Each vertex must be an integer, got: {v!r}')
   55:     
   56:     graph = nx.Graph()
   57:     graph.add_nodes_from(vertices)
--------------------------------------------------------------------------------
[0.33616 s] killed by tests/test_io_handler.py::TestLoadGraphFromJson::test_load_valid_triangle
   - [#  23] COI src.io_handler: 
--------------------------------------------------------------------------------
   56:     graph = nx.Graph()
   57:     graph.add_nodes_from(vertices)
   58:     
   59:     for (i, edge) in enumerate(edges):
-  60:         if (not (isinstance(edge, list)) or len(edge) != 2):
+  60:         if not ((not (isinstance(edge, list)) or len(edge) != 2)):
   61:             raise ValueError(f'Edge {i} must be a list of 2 elements, got: {edge!r}')
   62:         
   63:         (u, v) = edge
   64:         if (not (isinstance(u, int)) or not (isinstance(v, int))):
--------------------------------------------------------------------------------
[0.33593 s] killed by tests/test_io_handler.py::TestLoadGraphFromJson::test_load_valid_triangle
   - [#  24] COI src.io_handler: 
--------------------------------------------------------------------------------
   60:         if (not (isinstance(edge, list)) or len(edge) != 2):
   61:             raise ValueError(f'Edge {i} must be a list of 2 elements, got: {edge!r}')
   62:         
   63:         (u, v) = edge
-  64:         if (not (isinstance(u, int)) or not (isinstance(v, int))):
+  64:         if not ((not (isinstance(u, int)) or not (isinstance(v, int)))):
   65:             raise ValueError(f'Edge {i} vertices must be integers, got: {edge!r}')
   66:         
   67:         if (u not in vertices or v not in vertices):
   68:             raise ValueError(
--------------------------------------------------------------------------------
[0.32345 s] killed by tests/test_io_handler.py::TestLoadGraphFromJson::test_load_valid_triangle
   - [#  25] COI src.io_handler: 
--------------------------------------------------------------------------------
   63:         (u, v) = edge
   64:         if (not (isinstance(u, int)) or not (isinstance(v, int))):
   65:             raise ValueError(f'Edge {i} vertices must be integers, got: {edge!r}')
   66:         
-  67:         if (u not in vertices or v not in vertices):
+  67:         if not ((u not in vertices or v not in vertices)):
   68:             raise ValueError(
   69:                 f'Edge {i} references vertex not in vertices list: {edge!r}')
   70:         
   71:         
--------------------------------------------------------------------------------
[0.33681 s] killed by tests/test_io_handler.py::TestLoadGraphFromJson::test_load_valid_triangle
   - [#  26] COI src.io_handler: 
--------------------------------------------------------------------------------
   87: 
   88:     Raises:
   89:         ValueError: If euler_path is empty or algorithm is empty.
   90:     '''
-  91:     if not euler_path:
+  91:     if not ((not euler_path)):
   92:         raise ValueError('euler_path must not be empty')
   93:     if not algorithm:
   94:         raise ValueError('algorithm name must not be empty')
   95:     
--------------------------------------------------------------------------------
[0.38129 s] killed by tests/test_io_handler.py::TestSaveResultToJson::test_save_valid_result
   - [#  27] COI src.io_handler: 
--------------------------------------------------------------------------------
   89:         ValueError: If euler_path is empty or algorithm is empty.
   90:     '''
   91:     if not euler_path:
   92:         raise ValueError('euler_path must not be empty')
-  93:     if not algorithm:
+  93:     if not ((not algorithm)):
   94:         raise ValueError('algorithm name must not be empty')
   95:     
   96:     result = {\
   97:         'algorithm': algorithm, \
--------------------------------------------------------------------------------
[0.42963 s] killed by tests/test_io_handler.py::TestSaveResultToJson::test_save_valid_result
   - [#  28] EXS src.io_handler: 
--------------------------------------------------------------------------------
   30:     
   31:     try:
   32:         data = json.loads(raw)
   33:     except json.JSONDecodeError as exc:
-  34:         raise ValueError(f'Invalid JSON syntax: {exc}') from exc
+  34:         pass
   35:     
   36:     if not (isinstance(data, dict)):
   37:         raise ValueError("JSON root must be an object with 'vertices' and 'edges' keys")
   38:     
--------------------------------------------------------------------------------
[0.34739 s] killed by tests/test_io_handler.py::TestLoadGraphFromJson::test_invalid_json_syntax
   - [#  29] LCR src.io_handler: 
--------------------------------------------------------------------------------
   56:     graph = nx.Graph()
   57:     graph.add_nodes_from(vertices)
   58:     
   59:     for (i, edge) in enumerate(edges):
-  60:         if (not (isinstance(edge, list)) or len(edge) != 2):
+  60:         if (not (isinstance(edge, list)) and len(edge) != 2):
   61:             raise ValueError(f'Edge {i} must be a list of 2 elements, got: {edge!r}')
   62:         
   63:         (u, v) = edge
   64:         if (not (isinstance(u, int)) or not (isinstance(v, int))):
--------------------------------------------------------------------------------
[0.38584 s] killed by tests/test_io_handler.py::TestLoadGraphFromJson::test_edge_wrong_length
   - [#  30] LCR src.io_handler: 
--------------------------------------------------------------------------------
   60:         if (not (isinstance(edge, list)) or len(edge) != 2):
   61:             raise ValueError(f'Edge {i} must be a list of 2 elements, got: {edge!r}')
   62:         
   63:         (u, v) = edge
-  64:         if (not (isinstance(u, int)) or not (isinstance(v, int))):
+  64:         if (not (isinstance(u, int)) and not (isinstance(v, int))):
   65:             raise ValueError(f'Edge {i} vertices must be integers, got: {edge!r}')
   66:         
   67:         if (u not in vertices or v not in vertices):
   68:             raise ValueError(
--------------------------------------------------------------------------------
[0.46965 s] survived
   - [#  31] LCR src.io_handler: 
--------------------------------------------------------------------------------
   63:         (u, v) = edge
   64:         if (not (isinstance(u, int)) or not (isinstance(v, int))):
   65:             raise ValueError(f'Edge {i} vertices must be integers, got: {edge!r}')
   66:         
-  67:         if (u not in vertices or v not in vertices):
+  67:         if (u not in vertices and v not in vertices):
   68:             raise ValueError(
   69:                 f'Edge {i} references vertex not in vertices list: {edge!r}')
   70:         
   71:         
--------------------------------------------------------------------------------
[0.43591 s] killed by tests/test_io_handler.py::TestLoadGraphFromJson::test_edge_references_unknown_vertex
   - [#  32] ROR src.io_handler: 
--------------------------------------------------------------------------------
   56:     graph = nx.Graph()
   57:     graph.add_nodes_from(vertices)
   58:     
   59:     for (i, edge) in enumerate(edges):
-  60:         if (not (isinstance(edge, list)) or len(edge) != 2):
+  60:         if (not (isinstance(edge, list)) or len(edge) == 2):
   61:             raise ValueError(f'Edge {i} must be a list of 2 elements, got: {edge!r}')
   62:         
   63:         (u, v) = edge
   64:         if (not (isinstance(u, int)) or not (isinstance(v, int))):
--------------------------------------------------------------------------------
[0.32474 s] killed by tests/test_io_handler.py::TestLoadGraphFromJson::test_load_valid_triangle
[*] Mutation score [15.01099 s]: 96.9%
   - all: 32
   - killed: 31 (96.9%)
   - survived: 1 (3.1%)
   - incompetent: 0 (0.0%)
   - timeout: 0 (0.0%)
