[*] Start mutation process:
   - targets: src.fleury
   - tests: tests.test_fleury
[*] 30 tests passed:
   - tests.test_fleury [0.22863 s]
[*] Start mutants generation and execution:
   - [#   1] BCR src.fleury: [0.19147 s] survived
   - [#   2] BCR src.fleury: [0.19840 s] survived
   - [#   3] COD src.fleury: [0.25857 s] killed by tests/test_fleury.py::TestFleuryBridgeLogic::test_is_bridge_on_longer_chain
   - [#   4] COD src.fleury: [0.18388 s] killed by tests/test_fleury.py::TestFleuryBridgeLogic::test_is_not_bridge_in_triangle
   - [#   5] COD src.fleury: [0.17710 s] killed by tests/test_fleury.py::TestFleuryPath::test_triangle_with_tail
   - [#   6] COD src.fleury: [0.18090 s] killed by tests/test_fleury.py::TestFleuryBridgeLogic::test_is_bridge_on_longer_chain
   - [#   7] COD src.fleury: [0.15332 s] killed by tests/test_fleury.py::TestFleuryCircuit::test_triangle_circuit
   - [#   8] COD src.fleury: [0.15289 s] killed by tests/test_fleury.py::TestFleuryCircuit::test_triangle_circuit
   - [#   9] COD src.fleury: [0.16195 s] killed by tests/test_fleury.py::TestFleuryPath::test_triangle_with_tail
   - [#  10] COI src.fleury: [0.18138 s] killed by tests/test_fleury.py::TestFleuryBridgeLogic::test_is_bridge_on_longer_chain
   - [#  11] COI src.fleury: [0.16185 s] killed by tests/test_fleury.py::TestFleuryPath::test_triangle_with_tail
   - [#  12] COI src.fleury: [0.14620 s] killed by tests/test_fleury.py::TestFleuryCircuit::test_triangle_circuit
   - [#  13] COI src.fleury: [0.15534 s] killed by tests/test_fleury.py::TestFleuryCircuit::test_triangle_circuit
   - [#  14] COI src.fleury: [0.14610 s] killed by tests/test_fleury.py::TestFleuryCircuit::test_triangle_circuit
   - [#  15] COI src.fleury: [0.20611 s] killed by tests/test_fleury.py::TestFleuryMutationTargets::test_complex_bridge_multi_component
   - [#  16] COI src.fleury: [0.17407 s] killed by tests/test_fleury.py::TestFleuryPath::test_triangle_with_tail
   - [#  17] COI src.fleury: [0.20798 s] killed by tests/test_fleury.py::TestFleuryMutationTargets::test_complex_bridge_multi_component
   - [#  18] COI src.fleury: [0.14264 s] killed by tests/test_fleury.py::TestFleuryCircuit::test_triangle_circuit
   - [#  19] COI src.fleury: [0.20543 s] survived
   - [#  20] COI src.fleury: [0.19215 s] survived
   - [#  21] LCR src.fleury: [0.18644 s] killed by tests/test_fleury.py::TestFleuryMutationTargets::test_bridge_or_condition_in_is_bridge
   - [#  22] LCR src.fleury: [0.15280 s] killed by tests/test_fleury.py::TestFleuryCircuit::test_triangle_circuit
   - [#  23] LCR src.fleury: [0.20401 s] survived
   - [#  24] ROR src.fleury: [0.17266 s] killed by tests/test_fleury.py::TestFleuryBridgeLogic::test_is_bridge_on_longer_chain
   - [#  25] ROR src.fleury: [0.20227 s] survived
   - [#  26] ROR src.fleury: [0.14917 s] killed by tests/test_fleury.py::TestFleuryCircuit::test_triangle_circuit
   - [#  27] ROR src.fleury: [0.20903 s] survived
   - [#  28] ROR src.fleury: [0.20799 s] killed by tests/test_fleury.py::TestFleuryMutationTargets::test_complex_bridge_multi_component
   - [#  29] ROR src.fleury: [0.14323 s] killed by tests/test_fleury.py::TestFleuryCircuit::test_triangle_circuit
   - [#  30] ROR src.fleury: [0.21824 s] survived
   - [#  31] ROR src.fleury: [0.20632 s] survived
[*] Mutation score [6.32199 s]: 71.0%
   - all: 31
   - killed: 22 (71.0%)
   - survived: 9 (29.0%)
   - incompetent: 0 (0.0%)
   - timeout: 0 (0.0%)
