[*] Start mutation process:
   - targets: src.io_handler
   - tests: tests.test_io_handler
[*] 19 tests passed:
   - tests.test_io_handler [0.30774 s]
[*] Start mutants generation and execution:
   - [#   1] AOR src.io_handler: [0.32289 s] killed by tests/test_io_handler.py::TestSaveResultToJson::test_save_valid_result
   - [#   2] COD src.io_handler: [0.16339 s] killed by tests/test_io_handler.py::TestLoadGraphFromJson::test_load_valid_triangle
   - [#   3] COD src.io_handler: [0.15830 s] killed by tests/test_io_handler.py::TestLoadGraphFromJson::test_load_valid_triangle
   - [#   4] COD src.io_handler: [0.14519 s] killed by tests/test_io_handler.py::TestLoadGraphFromJson::test_load_valid_triangle
   - [#   5] COD src.io_handler: [0.13965 s] killed by tests/test_io_handler.py::TestLoadGraphFromJson::test_load_valid_triangle
   - [#   6] COD src.io_handler: [0.14353 s] killed by tests/test_io_handler.py::TestLoadGraphFromJson::test_load_valid_triangle
   - [#   7] COD src.io_handler: [0.13866 s] killed by tests/test_io_handler.py::TestLoadGraphFromJson::test_load_valid_triangle
   - [#   8] COD src.io_handler: [0.14296 s] killed by tests/test_io_handler.py::TestLoadGraphFromJson::test_load_valid_triangle
   - [#   9] COD src.io_handler: [0.14207 s] killed by tests/test_io_handler.py::TestLoadGraphFromJson::test_load_valid_triangle
   - [#  10] COD src.io_handler: [0.14924 s] killed by tests/test_io_handler.py::TestLoadGraphFromJson::test_load_valid_triangle
   - [#  11] COD src.io_handler: [0.14878 s] killed by tests/test_io_handler.py::TestLoadGraphFromJson::test_load_valid_triangle
   - [#  12] COD src.io_handler: [0.14782 s] killed by tests/test_io_handler.py::TestLoadGraphFromJson::test_load_valid_triangle
   - [#  13] COD src.io_handler: [0.14958 s] killed by tests/test_io_handler.py::TestLoadGraphFromJson::test_load_valid_triangle
   - [#  14] COD src.io_handler: [0.21161 s] killed by tests/test_io_handler.py::TestSaveResultToJson::test_save_valid_result
   - [#  15] COD src.io_handler: [0.21815 s] killed by tests/test_io_handler.py::TestSaveResultToJson::test_save_valid_result
   - [#  16] COI src.io_handler: [0.14395 s] killed by tests/test_io_handler.py::TestLoadGraphFromJson::test_load_valid_triangle
   - [#  17] COI src.io_handler: [0.14552 s] killed by tests/test_io_handler.py::TestLoadGraphFromJson::test_load_valid_triangle
   - [#  18] COI src.io_handler: [0.14234 s] killed by tests/test_io_handler.py::TestLoadGraphFromJson::test_load_valid_triangle
   - [#  19] COI src.io_handler: [0.14408 s] killed by tests/test_io_handler.py::TestLoadGraphFromJson::test_load_valid_triangle
   - [#  20] COI src.io_handler: [0.15073 s] killed by tests/test_io_handler.py::TestLoadGraphFromJson::test_load_valid_triangle
   - [#  21] COI src.io_handler: [0.14058 s] killed by tests/test_io_handler.py::TestLoadGraphFromJson::test_load_valid_triangle
   - [#  22] COI src.io_handler: [0.14378 s] killed by tests/test_io_handler.py::TestLoadGraphFromJson::test_load_valid_triangle
   - [#  23] COI src.io_handler: [0.14482 s] killed by tests/test_io_handler.py::TestLoadGraphFromJson::test_load_valid_triangle
   - [#  24] COI src.io_handler: [0.14215 s] killed by tests/test_io_handler.py::TestLoadGraphFromJson::test_load_valid_triangle
   - [#  25] COI src.io_handler: [0.14223 s] killed by tests/test_io_handler.py::TestLoadGraphFromJson::test_load_valid_triangle
   - [#  26] COI src.io_handler: [0.20567 s] killed by tests/test_io_handler.py::TestSaveResultToJson::test_save_valid_result
   - [#  27] COI src.io_handler: [0.21256 s] killed by tests/test_io_handler.py::TestSaveResultToJson::test_save_valid_result
   - [#  28] EXS src.io_handler: [0.15807 s] killed by tests/test_io_handler.py::TestLoadGraphFromJson::test_invalid_json_syntax
   - [#  29] LCR src.io_handler: [0.20061 s] killed by tests/test_io_handler.py::TestLoadGraphFromJson::test_edge_wrong_length
   - [#  30] LCR src.io_handler: [0.21839 s] killed by tests/test_io_handler.py::TestLoadGraphFromJson::test_edge_one_int_one_string
   - [#  31] LCR src.io_handler: [0.19857 s] killed by tests/test_io_handler.py::TestLoadGraphFromJson::test_edge_references_unknown_vertex
   - [#  32] ROR src.io_handler: [0.15473 s] killed by tests/test_io_handler.py::TestLoadGraphFromJson::test_load_valid_triangle
[*] Mutation score [6.16717 s]: 100.0%
   - all: 32
   - killed: 32 (100.0%)
   - survived: 0 (0.0%)
   - incompetent: 0 (0.0%)
   - timeout: 0 (0.0%)
