[*] Start mutation process:
   - targets: src.graph_utils
   - tests: tests.test_graph_utils, tests.test_bva
[*] 32 tests passed:
   - tests.test_graph_utils [0.38455 s]
   - tests.test_bva [0.40618 s]
[*] Start mutants generation and execution:
   - [#   1] AOR src.graph_utils: 
--------------------------------------------------------------------------------
  21:     subgraph = graph.subgraph(vertices_with_edges)
  22:     if not (nx.is_connected(subgraph)):
  23:         return False
  24:     
- 25:     odd_degree_count = sum((1 for v in graph.nodes() if graph.degree(v) % 2 != 0))
+ 25:     odd_degree_count = sum((1 for v in graph.nodes() if graph.degree(v) * 2 != 0))
  26:     return odd_degree_count in (0, 2)
  27: 
  28: 
  29: def has_euler_circuit(graph: nx.Graph) -> bool:
--------------------------------------------------------------------------------
[0.49545 s] killed by tests/test_graph_utils.py::TestHasEulerPath::test_triangle_has_euler_path
   - [#   2] AOR src.graph_utils: 
--------------------------------------------------------------------------------
  35:     '''
  36:     if not (has_euler_path(graph)):
  37:         return False
  38:     
- 39:     odd_degree_count = sum((1 for v in graph.nodes() if graph.degree(v) % 2 != 0))
+ 39:     odd_degree_count = sum((1 for v in graph.nodes() if graph.degree(v) * 2 != 0))
  40:     return odd_degree_count == 0
  41: 
  42: 
  43: def get_euler_start_vertex(graph: nx.Graph) -> int:
--------------------------------------------------------------------------------
[0.31003 s] killed by tests/test_graph_utils.py::TestHasEulerCircuit::test_triangle_has_euler_circuit
   - [#   3] AOR src.graph_utils: 
--------------------------------------------------------------------------------
  49:     '''
  50:     if not (has_euler_path(graph)):
  51:         raise ValueError('Graph does not have an Euler path')
  52:     
- 53:     odd_degree_vertices = [v for v in graph.nodes() if graph.degree(v) % 2 != 0]
+ 53:     odd_degree_vertices = [v for v in graph.nodes() if graph.degree(v) * 2 != 0]
  54:     
  55:     if odd_degree_vertices:
  56:         return odd_degree_vertices[0]
  57:     
--------------------------------------------------------------------------------
[0.59995 s] survived
   - [#   4] COD src.graph_utils: 
--------------------------------------------------------------------------------
  14:         return False
  15:     
  16:     
  17:     vertices_with_edges = [v for v in graph.nodes() if graph.degree(v) > 0]
- 18:     if not vertices_with_edges:
+ 18:     if vertices_with_edges:
  19:         return False
  20:     
  21:     subgraph = graph.subgraph(vertices_with_edges)
  22:     if not (nx.is_connected(subgraph)):
--------------------------------------------------------------------------------
[0.27255 s] killed by tests/test_graph_utils.py::TestHasEulerPath::test_triangle_has_euler_path
   - [#   5] COD src.graph_utils: 
--------------------------------------------------------------------------------
  18:     if not vertices_with_edges:
  19:         return False
  20:     
  21:     subgraph = graph.subgraph(vertices_with_edges)
- 22:     if not (nx.is_connected(subgraph)):
+ 22:     if nx.is_connected(subgraph):
  23:         return False
  24:     
  25:     odd_degree_count = sum((1 for v in graph.nodes() if graph.degree(v) % 2 != 0))
  26:     return odd_degree_count in (0, 2)
--------------------------------------------------------------------------------
[0.26450 s] killed by tests/test_graph_utils.py::TestHasEulerPath::test_triangle_has_euler_path
   - [#   6] COD src.graph_utils: 
--------------------------------------------------------------------------------
  32:     An Euler circuit exists if:
  33:     - The graph has an Euler path.
  34:     - All vertices have even degree (0 odd-degree vertices).
  35:     '''
- 36:     if not (has_euler_path(graph)):
+ 36:     if has_euler_path(graph):
  37:         return False
  38:     
  39:     odd_degree_count = sum((1 for v in graph.nodes() if graph.degree(v) % 2 != 0))
  40:     return odd_degree_count == 0
--------------------------------------------------------------------------------
[0.32602 s] killed by tests/test_graph_utils.py::TestHasEulerCircuit::test_triangle_has_euler_circuit
   - [#   7] COD src.graph_utils: 
--------------------------------------------------------------------------------
  46:     - If 2 odd-degree vertices exist, return one of them.
  47:     - If 0 odd-degree vertices exist (circuit), return any vertex with edges.
  48:     - Raises ValueError if no Euler path exists.
  49:     '''
- 50:     if not (has_euler_path(graph)):
+ 50:     if has_euler_path(graph):
  51:         raise ValueError('Graph does not have an Euler path')
  52:     
  53:     odd_degree_vertices = [v for v in graph.nodes() if graph.degree(v) % 2 != 0]
  54:     
--------------------------------------------------------------------------------
[0.33695 s] killed by tests/test_graph_utils.py::TestGetEulerStartVertex::test_start_vertex_from_odd_degree
   - [#   8] COI src.graph_utils: 
--------------------------------------------------------------------------------
   9:     An Euler path exists if:
  10:     - The graph is connected (considering only vertices with degree > 0).
  11:     - There are exactly 0 or 2 vertices with odd degree.
  12:     '''
- 13:     if graph.number_of_edges() == 0:
+ 13:     if not (graph.number_of_edges() == 0):
  14:         return False
  15:     
  16:     
  17:     vertices_with_edges = [v for v in graph.nodes() if graph.degree(v) > 0]
--------------------------------------------------------------------------------
[0.30630 s] killed by tests/test_graph_utils.py::TestHasEulerPath::test_triangle_has_euler_path
   - [#   9] COI src.graph_utils: 
--------------------------------------------------------------------------------
  14:         return False
  15:     
  16:     
  17:     vertices_with_edges = [v for v in graph.nodes() if graph.degree(v) > 0]
- 18:     if not vertices_with_edges:
+ 18:     if not ((not vertices_with_edges)):
  19:         return False
  20:     
  21:     subgraph = graph.subgraph(vertices_with_edges)
  22:     if not (nx.is_connected(subgraph)):
--------------------------------------------------------------------------------
[0.30310 s] killed by tests/test_graph_utils.py::TestHasEulerPath::test_triangle_has_euler_path
   - [#  10] COI src.graph_utils: 
--------------------------------------------------------------------------------
  18:     if not vertices_with_edges:
  19:         return False
  20:     
  21:     subgraph = graph.subgraph(vertices_with_edges)
- 22:     if not (nx.is_connected(subgraph)):
+ 22:     if not ((not (nx.is_connected(subgraph)))):
  23:         return False
  24:     
  25:     odd_degree_count = sum((1 for v in graph.nodes() if graph.degree(v) % 2 != 0))
  26:     return odd_degree_count in (0, 2)
--------------------------------------------------------------------------------
[0.28597 s] killed by tests/test_graph_utils.py::TestHasEulerPath::test_triangle_has_euler_path
   - [#  11] COI src.graph_utils: 
--------------------------------------------------------------------------------
  22:     if not (nx.is_connected(subgraph)):
  23:         return False
  24:     
  25:     odd_degree_count = sum((1 for v in graph.nodes() if graph.degree(v) % 2 != 0))
- 26:     return odd_degree_count in (0, 2)
+ 26:     return odd_degree_count not in (0, 2)
  27: 
  28: 
  29: def has_euler_circuit(graph: nx.Graph) -> bool:
  30:     '''Check if an undirected graph has an Euler circuit.
--------------------------------------------------------------------------------
[0.28848 s] killed by tests/test_graph_utils.py::TestHasEulerPath::test_triangle_has_euler_path
   - [#  12] COI src.graph_utils: 
--------------------------------------------------------------------------------
  32:     An Euler circuit exists if:
  33:     - The graph has an Euler path.
  34:     - All vertices have even degree (0 odd-degree vertices).
  35:     '''
- 36:     if not (has_euler_path(graph)):
+ 36:     if not ((not (has_euler_path(graph)))):
  37:         return False
  38:     
  39:     odd_degree_count = sum((1 for v in graph.nodes() if graph.degree(v) % 2 != 0))
  40:     return odd_degree_count == 0
--------------------------------------------------------------------------------
[0.32582 s] killed by tests/test_graph_utils.py::TestHasEulerCircuit::test_triangle_has_euler_circuit
   - [#  13] COI src.graph_utils: 
--------------------------------------------------------------------------------
  46:     - If 2 odd-degree vertices exist, return one of them.
  47:     - If 0 odd-degree vertices exist (circuit), return any vertex with edges.
  48:     - Raises ValueError if no Euler path exists.
  49:     '''
- 50:     if not (has_euler_path(graph)):
+ 50:     if not ((not (has_euler_path(graph)))):
  51:         raise ValueError('Graph does not have an Euler path')
  52:     
  53:     odd_degree_vertices = [v for v in graph.nodes() if graph.degree(v) % 2 != 0]
  54:     
--------------------------------------------------------------------------------
[0.35916 s] killed by tests/test_graph_utils.py::TestGetEulerStartVertex::test_start_vertex_from_odd_degree
   - [#  14] COI src.graph_utils: 
--------------------------------------------------------------------------------
  51:         raise ValueError('Graph does not have an Euler path')
  52:     
  53:     odd_degree_vertices = [v for v in graph.nodes() if graph.degree(v) % 2 != 0]
  54:     
- 55:     if odd_degree_vertices:
+ 55:     if not odd_degree_vertices:
  56:         return odd_degree_vertices[0]
  57:     
  58:     
  59:     for v in graph.nodes():
--------------------------------------------------------------------------------
[0.33435 s] killed by tests/test_graph_utils.py::TestGetEulerStartVertex::test_start_vertex_circuit
   - [#  15] COI src.graph_utils: 
--------------------------------------------------------------------------------
  56:         return odd_degree_vertices[0]
  57:     
  58:     
  59:     for v in graph.nodes():
- 60:         if graph.degree(v) > 0:
+ 60:         if not (graph.degree(v) > 0):
  61:             return v
  62:     
  63:     raise ValueError('Graph has no edges')
--------------------------------------------------------------------------------
[0.41879 s] killed by tests/test_graph_utils.py::TestGetEulerStartVertex::test_start_vertex_circuit
   - [#  16] ROR src.graph_utils: 
--------------------------------------------------------------------------------
   9:     An Euler path exists if:
  10:     - The graph is connected (considering only vertices with degree > 0).
  11:     - There are exactly 0 or 2 vertices with odd degree.
  12:     '''
- 13:     if graph.number_of_edges() == 0:
+ 13:     if graph.number_of_edges() != 0:
  14:         return False
  15:     
  16:     
  17:     vertices_with_edges = [v for v in graph.nodes() if graph.degree(v) > 0]
--------------------------------------------------------------------------------
[0.29548 s] killed by tests/test_graph_utils.py::TestHasEulerPath::test_triangle_has_euler_path
   - [#  17] ROR src.graph_utils: 
--------------------------------------------------------------------------------
  13:     if graph.number_of_edges() == 0:
  14:         return False
  15:     
  16:     
- 17:     vertices_with_edges = [v for v in graph.nodes() if graph.degree(v) > 0]
+ 17:     vertices_with_edges = [v for v in graph.nodes() if graph.degree(v) < 0]
  18:     if not vertices_with_edges:
  19:         return False
  20:     
  21:     subgraph = graph.subgraph(vertices_with_edges)
--------------------------------------------------------------------------------
[0.30697 s] killed by tests/test_graph_utils.py::TestHasEulerPath::test_triangle_has_euler_path
   - [#  18] ROR src.graph_utils: 
--------------------------------------------------------------------------------
  13:     if graph.number_of_edges() == 0:
  14:         return False
  15:     
  16:     
- 17:     vertices_with_edges = [v for v in graph.nodes() if graph.degree(v) > 0]
+ 17:     vertices_with_edges = [v for v in graph.nodes() if graph.degree(v) >= 0]
  18:     if not vertices_with_edges:
  19:         return False
  20:     
  21:     subgraph = graph.subgraph(vertices_with_edges)
--------------------------------------------------------------------------------
[0.42984 s] survived
   - [#  19] ROR src.graph_utils: 
--------------------------------------------------------------------------------
  21:     subgraph = graph.subgraph(vertices_with_edges)
  22:     if not (nx.is_connected(subgraph)):
  23:         return False
  24:     
- 25:     odd_degree_count = sum((1 for v in graph.nodes() if graph.degree(v) % 2 != 0))
+ 25:     odd_degree_count = sum((1 for v in graph.nodes() if graph.degree(v) % 2 == 0))
  26:     return odd_degree_count in (0, 2)
  27: 
  28: 
  29: def has_euler_circuit(graph: nx.Graph) -> bool:
--------------------------------------------------------------------------------
[0.29966 s] killed by tests/test_graph_utils.py::TestHasEulerPath::test_triangle_has_euler_path
   - [#  20] ROR src.graph_utils: 
--------------------------------------------------------------------------------
  35:     '''
  36:     if not (has_euler_path(graph)):
  37:         return False
  38:     
- 39:     odd_degree_count = sum((1 for v in graph.nodes() if graph.degree(v) % 2 != 0))
+ 39:     odd_degree_count = sum((1 for v in graph.nodes() if graph.degree(v) % 2 == 0))
  40:     return odd_degree_count == 0
  41: 
  42: 
  43: def get_euler_start_vertex(graph: nx.Graph) -> int:
--------------------------------------------------------------------------------
[0.32662 s] killed by tests/test_graph_utils.py::TestHasEulerCircuit::test_triangle_has_euler_circuit
   - [#  21] ROR src.graph_utils: 
--------------------------------------------------------------------------------
  36:     if not (has_euler_path(graph)):
  37:         return False
  38:     
  39:     odd_degree_count = sum((1 for v in graph.nodes() if graph.degree(v) % 2 != 0))
- 40:     return odd_degree_count == 0
+ 40:     return odd_degree_count != 0
  41: 
  42: 
  43: def get_euler_start_vertex(graph: nx.Graph) -> int:
  44:     '''Return the starting vertex for Euler path traversal.
--------------------------------------------------------------------------------
[0.32355 s] killed by tests/test_graph_utils.py::TestHasEulerCircuit::test_triangle_has_euler_circuit
   - [#  22] ROR src.graph_utils: 
--------------------------------------------------------------------------------
  49:     '''
  50:     if not (has_euler_path(graph)):
  51:         raise ValueError('Graph does not have an Euler path')
  52:     
- 53:     odd_degree_vertices = [v for v in graph.nodes() if graph.degree(v) % 2 != 0]
+ 53:     odd_degree_vertices = [v for v in graph.nodes() if graph.degree(v) % 2 == 0]
  54:     
  55:     if odd_degree_vertices:
  56:         return odd_degree_vertices[0]
  57:     
--------------------------------------------------------------------------------
[0.34819 s] killed by tests/test_graph_utils.py::TestGetEulerStartVertex::test_start_vertex_from_odd_degree
   - [#  23] ROR src.graph_utils: 
--------------------------------------------------------------------------------
  56:         return odd_degree_vertices[0]
  57:     
  58:     
  59:     for v in graph.nodes():
- 60:         if graph.degree(v) > 0:
+ 60:         if graph.degree(v) < 0:
  61:             return v
  62:     
  63:     raise ValueError('Graph has no edges')
--------------------------------------------------------------------------------
[0.42202 s] killed by tests/test_graph_utils.py::TestGetEulerStartVertex::test_start_vertex_circuit
   - [#  24] ROR src.graph_utils: 
--------------------------------------------------------------------------------
  56:         return odd_degree_vertices[0]
  57:     
  58:     
  59:     for v in graph.nodes():
- 60:         if graph.degree(v) > 0:
+ 60:         if graph.degree(v) >= 0:
  61:             return v
  62:     
  63:     raise ValueError('Graph has no edges')
--------------------------------------------------------------------------------
[0.45354 s] survived
[*] Mutation score [10.89470 s]: 87.5%
   - all: 24
   - killed: 21 (87.5%)
   - survived: 3 (12.5%)
   - incompetent: 0 (0.0%)
   - timeout: 0 (0.0%)
