[*] Start mutation process:
   - targets: src.console_input
   - tests: tests.test_console_input
[*] 13 tests passed:
   - tests.test_console_input [0.18211 s]
[*] Start mutants generation and execution:
   - [#   1] AOR src.console_input: [0.22433 s] killed by tests/test_console_input.py::TestReadGraphFromConsole::test_valid_triangle_input
   - [#   2] AOR src.console_input: [0.14730 s] killed by tests/test_console_input.py::TestReadGraphFromConsole::test_valid_triangle_input
   - [#   3] COD src.console_input: [0.13671 s] killed by tests/test_console_input.py::TestReadGraphFromConsole::test_valid_triangle_input
   - [#   4] COD src.console_input: [0.14326 s] killed by tests/test_console_input.py::TestReadGraphFromConsole::test_valid_triangle_input
   - [#   5] COD src.console_input: [0.14269 s] killed by tests/test_console_input.py::TestReadGraphFromConsole::test_valid_triangle_input
   - [#   6] COI src.console_input: [0.14297 s] killed by tests/test_console_input.py::TestReadGraphFromConsole::test_valid_triangle_input
   - [#   7] COI src.console_input: [0.14084 s] killed by tests/test_console_input.py::TestReadGraphFromConsole::test_valid_triangle_input
   - [#   8] COI src.console_input: [0.13738 s] killed by tests/test_console_input.py::TestReadGraphFromConsole::test_valid_triangle_input
   - [#   9] COI src.console_input: [0.13849 s] killed by tests/test_console_input.py::TestReadGraphFromConsole::test_valid_triangle_input
   - [#  10] COI src.console_input: [0.14420 s] killed by tests/test_console_input.py::TestReadGraphFromConsole::test_valid_triangle_input
   - [#  11] COI src.console_input: [0.14562 s] killed by tests/test_console_input.py::TestReadGraphFromConsole::test_valid_triangle_input
   - [#  12] COI src.console_input: [0.14314 s] killed by tests/test_console_input.py::TestReadGraphFromConsole::test_valid_triangle_input
   - [#  13] COI src.console_input: [0.14278 s] killed by tests/test_console_input.py::TestReadGraphFromConsole::test_valid_triangle_input
   - [#  14] EXS src.console_input: [0.14498 s] incompetent
   - [#  15] ROR src.console_input: [0.19267 s] killed by tests/test_console_input.py::TestReadGraphFromConsole::test_valid_triangle_input
   - [#  16] ROR src.console_input: [0.15684 s] killed by tests/test_console_input.py::TestReadGraphFromConsole::test_valid_triangle_input
   - [#  17] ROR src.console_input: [0.14568 s] killed by tests/test_console_input.py::TestReadGraphFromConsole::test_invalid_vertex_count_zero
   - [#  18] ROR src.console_input: [0.14639 s] killed by tests/test_console_input.py::TestReadGraphFromConsole::test_valid_triangle_input
   - [#  19] ROR src.console_input: [0.14888 s] killed by tests/test_console_input.py::TestReadGraphFromConsole::test_vertices_with_no_edges
[*] Mutation score [3.52486 s]: 100.0%
   - all: 19
   - killed: 18 (94.7%)
   - survived: 0 (0.0%)
   - incompetent: 1 (5.3%)
   - timeout: 0 (0.0%)
