============================= test session starts =============================
platform win32 -- Python 3.14.2, pytest-9.0.2, pluggy-1.6.0
rootdir: C:\Users\Nikita\Documents\Тестировка\lab1
collected 19 items

tests\test_bva.py F..................                                    [100%]

================================== FAILURES ===================================
____________________ TestGraphUtilsBVA.test_bva_zero_nodes ____________________

self = <tests.test_bva.TestGraphUtilsBVA object at 0x00000278DE646D50>

    def test_bva_zero_nodes(self):
        """Boundary: 0 nodes -> No Euler path."""
        g = nx.Graph()
        assert has_euler_path(g) is False
        assert has_euler_circuit(g) is False
        with pytest.raises(ValueError, match="no Euler path"):
>           get_euler_start_vertex(g)

tests\test_bva.py:31: 
_ _ _ _ _ _ _ _ _ _ _ _ _ _ _ _ _ _ _ _ _ _ _ _ _ _ _ _ _ _ _ _ _ _ _ _ _ _ _ _

graph = <networkx.classes.graph.Graph object at 0x00000278DE6B9160>

    def get_euler_start_vertex(graph: nx.Graph) -> int:
        """Return the starting vertex for Euler path traversal.
    
        - If 2 odd-degree vertices exist, return one of them.
        - If 0 odd-degree vertices exist (circuit), return any vertex with edges.
        - Raises ValueError if no Euler path exists.
        """
        if not has_euler_path(graph):
>           raise ValueError("Graph does not have an Euler path")
E           ValueError: Graph does not have an Euler path

src\graph_utils.py:51: ValueError

During handling of the above exception, another exception occurred:

self = <tests.test_bva.TestGraphUtilsBVA object at 0x00000278DE646D50>

    def test_bva_zero_nodes(self):
        """Boundary: 0 nodes -> No Euler path."""
        g = nx.Graph()
        assert has_euler_path(g) is False
        assert has_euler_circuit(g) is False
>       with pytest.raises(ValueError, match="no Euler path"):
             ^^^^^^^^^^^^^^^^^^^^^^^^^^^^^^^^^^^^^^^^^^^^^^^^
E       AssertionError: Regex pattern did not match.
E         Expected regex: 'no Euler path'
E         Actual message: 'Graph does not have an Euler path'

tests\test_bva.py:30: AssertionError
=========================== short test summary info ===========================
FAILED tests/test_bva.py::TestGraphUtilsBVA::test_bva_zero_nodes - AssertionE...
======================== 1 failed, 18 passed in 1.01s =========================
